
xv6 kernel is booting

hart 2 starting
hart 1 starting
init: starting sh
$ sh
$ sh
$ proctree
exec proctree failed
$ echo OK
OK
$ qemu-system-riscv64: terminating on signal 15 from pid 94088 (<unknown process>)
